// Vitest Snapshot v1, https://vitest.dev/guide/snapshot.html

exports[`analyzeSalesReport > sends the real aggregated CSV numbers to Claude and returns a validated Analysis object > parsed analysis result 1`] = `
{
  "actions": [
    "在庫回転率が高いレザーベルトは欠品リスクがあるため早めに発注しましょう。",
    "動きの遅いフレアスカートは割引施策を検討しましょう。",
  ],
  "summary": "9月から11月にかけて売上・粗利ともに右肩上がりで推移しています。",
}
`;

exports[`analyzeSalesReport > sends the real aggregated CSV numbers to Claude and returns a validated Analysis object > prompt sent to Claude 1`] = `
"今月の売上データ:
{
  "monthly": [
    {
      "monthKey": "2025-09",
      "month": "9月",
      "revenue": 148400,
      "profit": 93400,
      "repeatRate": 0
    },
    {
      "monthKey": "2025-10",
      "month": "10月",
      "revenue": 147500,
      "profit": 92600,
      "repeatRate": 38.46153846153847
    },
    {
      "monthKey": "2025-11",
      "month": "11月",
      "revenue": 264700,
      "profit": 163100,
      "repeatRate": 46.666666666666664
    }
  ],
  "summary": {
    "revenue": {
      "value": 264700,
      "momChange": 79.45762711864407
    },
    "profit": {
      "value": 163100,
      "momChange": 76.13390928725701
    },
    "repeatRate": {
      "value": 46.666666666666664,
      "momChange": 21.33333333333331
    }
  }
}"
`;
